Compiling lib/main.dart for the Web...                          
Wasm dry run succeeded. Consider building and testing your application with the `--wasm` flag. See docs for more info: https://docs.flutter.dev/platform-integration/web/wasm
Use --no-wasm-dry-run to disable these warnings.
Target dart2js failed: ProcessException: Process exited abnormally with exit code 1:
lib/features/admin/presentation/admin_list_screen.dart:108:49:
Error: The getter 'viewingAdminIdProvider' isn't defined for the type 'AdminListScreen'.
 - 'AdminListScreen' is from 'package:my_first_app/features/admin/presentation/admin_list_screen.dart' ('lib/features/admin/presentation/admin_list_screen.dart').
                                                viewingAdminIdProvider.notifier,
                                                ^^^^^^^^^^^^^^^^^^^^^^
lib/features/admin/presentation/admin_list_screen.dart:67:49:
Error: The getter 'viewingAdminIdProvider' isn't defined for the type 'AdminListScreen'.
 - 'AdminListScreen' is from 'package:my_first_app/features/admin/presentation/admin_list_screen.dart' ('lib/features/admin/presentation/admin_list_screen.dart').
                                          .read(viewingAdminIdProvider.notifier)
                                                ^^^^^^^^^^^^^^^^^^^^^^
Error: Compilation failed.
  Command: /Users/keita/Development/flutter/bin/cache/dart-sdk/bin/dart compile js --platform-binaries=/Users/keita/Development/flutter/bin/cache/flutter_web_sdk/kernel --invoker=flutter_tool -Ddart.vm.product=true -DFLUTTER_VERSION=3.35.6 -DFLUTTER_CHANNEL=stable -DFLUTTER_GIT_URL=https://github.com/flutter/flutter.git -DFLUTTER_FRAMEWORK_REVISION=9f455d2486 -DFLUTTER_ENGINE_REVISION=d2913632a4 -DFLUTTER_DART_VERSION=3.9.2 -DFLUTTER_WEB_USE_SKIA=true -DFLUTTER_WEB_USE_SKWASM=false -DFLUTTER_WEB_CANVASKIT_URL=https://www.gstatic.com/flutter-canvaskit/d2913632a4578ee4d0b8b1c4a69888c8a0672c4b/ --native-null-assertions --no-source-maps -O4 --minify -o /Users/keita/Projects/1_flutter/my_first_app/.dart_tool/flutter_build/8913ac22ddee4083103dd07b3c174917/app.dill --packages=/Users/keita/Projects/1_flutter/my_first_app/.dart_tool/package_config.json --cfe-only /Users/keita/Projects/1_flutter/my_first_app/.dart_tool/flutter_build/8913ac22ddee4083103dd07b3c174917/main.dart
#0      RunResult.throwException (package:flutter_tools/src/base/process.dart:118:5)
#1      _DefaultProcessUtils.run (package:flutter_tools/src/base/process.dart:344:19)
<asynchronous suspension>
#2      Dart2JSTarget.build (package:flutter_tools/src/build_system/targets/web.dart:204:5)
<asynchronous suspension>
#3      _BuildInstance._invokeInternal (package:flutter_tools/src/build_system/build_system.dart:873:9)
<asynchronous suspension>
#4      Future.wait.<anonymous closure> (dart:async/future.dart:525:21)
<asynchronous suspension>
#5      _BuildInstance.invokeTarget (package:flutter_tools/src/build_system/build_system.dart:811:32)
<asynchronous suspension>
#6      Future.wait.<anonymous closure> (dart:async/future.dart:525:21)
<asynchronous suspension>
#7      _BuildInstance.invokeTarget (package:flutter_tools/src/build_system/build_system.dart:811:32)
<asynchronous suspension>
#8      FlutterBuildSystem.build (package:flutter_tools/src/build_system/build_system.dart:631:16)
<asynchronous suspension>
#9      WebBuilder.buildWeb (package:flutter_tools/src/web/compile.dart:90:34)
<asynchronous suspension>
#10     BuildWebCommand.runCommand (package:flutter_tools/src/commands/build_web.dart:282:5)
<asynchronous suspension>
#11     FlutterCommand.run.<anonymous closure> (package:flutter_tools/src/runner/flutter_command.dart:1581:27)
<asynchronous suspension>
#12     AppContext.run.<anonymous closure> (package:flutter_tools/src/base/context.dart:154:19)
<asynchronous suspension>
#13     CommandRunner.runCommand (package:args/command_runner.dart:212:13)
<asynchronous suspension>
#14     FlutterCommandRunner.runCommand.<anonymous closure> (package:flutter_tools/src/runner/flutter_command_runner.dart:503:9)
<asynchronous suspension>
#15     AppContext.run.<anonymous closure> (package:flutter_tools/src/base/context.dart:154:19)
<asynchronous suspension>
#16     FlutterCommandRunner.runCommand (package:flutter_tools/src/runner/flutter_command_runner.dart:438:5)
<asynchronous suspension>
#17     run.<anonymous closure>.<anonymous closure> (package:flutter_tools/runner.dart:98:11)
<asynchronous suspension>
#18     AppContext.run.<anonymous closure> (package:flutter_tools/src/base/context.dart:154:19)
<asynchronous suspension>
#19     main (package:flutter_tools/executable.dart:101:3)
<asynchronous suspension>

Compiling lib/main.dart for the Web...                              5.9s
Error: Failed to compile application for the Web.
